
[forecasting] 2026-09-26 19:49:27
  locations_trained=0
  locations_failed=52
  avg_mape=0.00%

[classification] 2026-09-26 19:49:32
  churn_f1=1.0000
  churn_roc_auc=1.0000
  churn_rate=0.011

[clustering] 2026-09-26 19:49:41
  k=4
  silhouette_score=0.2095
  min_cluster_pct=0.0738
  cluster_3_Occasional Spenders=0.432
  cluster_0_Casual Visitors=0.395
  cluster_1_Loyal Regulars=0.100
  cluster_2_High-Value Corporates=0.074

[anomaly] 2026-09-26 19:50:19
  total_transactions=598244
  flagged=17948
  flag_rate=0.0300
  contamination_param=0.03

[pricing] 2026-09-26 19:54:53
  rmse=4.67
  r2=0.9989
  mape=1.29%
  train_rows=473810
  test_rows=118453

[classification] 2026-09-26 20:21:53
  violation_f1=0.8419
  violation_roc_auc=0.4969
  churn_f1=0.8500
  churn_roc_auc=0.8700

[forecasting] 2026-09-26 20:30:24
  locations_trained=0
  locations_failed=52
  avg_mape=0.00%

[forecasting] 2026-09-27 14:09:36
  locations_trained=52
  locations_failed=0
  avg_mape=30.67%
  min_mape=19.14% max_mape=55.58%
